<html>
<body>
<pre>
<h1>µVision Build Log</h1>
<h2>Tool Versions:</h2>
IDE-Version: ¦ÌVision V5.38.0.0
Copyright (C) 2022 ARM Ltd and ARM Germany GmbH. All rights reserved.
License Information: alpha  beta, UPC, LIC=GMZI6-DUAJ7-TG57T-R8PRL-6QJ6N-7D0A7
 
Tool Versions:
Toolchain:       MDK-ARM Plus  Version: 5.38.0.0
Toolchain Path:  D:\Software\keil5\ARM\ARM_Compiler_5.06u7\Bin
C Compiler:      Armcc.exe V5.06 update 7 (build 960)
Assembler:       Armasm.exe V5.06 update 7 (build 960)
Linker/Locator:  ArmLink.exe V5.06 update 7 (build 960)
Library Manager: ArmAr.exe V5.06 update 7 (build 960)
Hex Converter:   FromElf.exe V5.06 update 7 (build 960)
CPU DLL:         SARMCM3.DLL V5.38.0.0
Dialog DLL:      DCM.DLL V1.17.5.0
Target DLL:      CMSIS_AGDI.dll V1.33.15.0
Dialog DLL:      TCM.DLL V1.56.4.0
 
<h2>Project:</h2>
D:\study\my_diy\AD9854_Control\Firmware\MDK-ARM\Project.uvprojx
Project File Date:  08/01/2023

<h2>Output:</h2>
*** Using Compiler 'V5.06 update 7 (build 960)', folder: 'D:\Software\keil5\ARM\ARM_Compiler_5.06u7\Bin'
Rebuild target 'Project'
assembling startup_stm32f103x6.s...
compiling stm32f1xx_ll_gpio.c...
compiling stm32f1xx_ll_pwr.c...
compiling stm32f1xx_ll_exti.c...
compiling stm32f1xx_ll_dma.c...
compiling stm32f1xx_ll_rcc.c...
compiling stm32f1xx_ll_tim.c...
compiling Led.c...
compiling main.c...
compiling tim.c...
compiling usart.c...
compiling stm32f1xx_it.c...
compiling AD9854.c...
compiling Usart1.c...
compiling gpio.c...
compiling stm32f1xx_ll_utils.c...
compiling system_stm32f1xx.c...
compiling stm32f1xx_ll_usart.c...
linking...
Program Size: Code=4376 RO-data=292 RW-data=16 ZI-data=1832  
FromELF: creating hex file...
"Project\Project.axf" - 0 Error(s), 0 Warning(s).

<h2>Software Packages used:</h2>

Package Vendor: ARM
                http://www.keil.com/pack/ARM.CMSIS.5.9.0.pack
                ARM.CMSIS.5.9.0
                CMSIS (Common Microcontroller Software Interface Standard)
   * Component: CORE Version: 5.6.0

Package Vendor: Keil
                https://www.keil.com/pack/Keil.STM32F1xx_DFP.2.4.1.pack
                Keil.STM32F1xx_DFP.2.4.1
                STMicroelectronics STM32F1 Series Device Support, Drivers and Examples

<h2>Collection of Component include folders:</h2>
  ./RTE/_Project
  D:/Software/keil5/Pack/ARM/CMSIS/5.9.0/CMSIS/Core/Include
  D:/Software/keil5/Pack/Keil/STM32F1xx_DFP/2.4.1/Device/Include

<h2>Collection of Component Files used:</h2>

   * Component: ARM::CMSIS:CORE:5.6.0
      Include file:  CMSIS/Core/Include/tz_context.h
Build Time Elapsed:  00:00:01
</pre>
</body>
</html>
